###############################################################################
#
# IAR ELF Linker V8.40.1.212/W32 for ARM                  03/Nov/2019  23:24:31
# Copyright 2007-2019 IAR Systems AB.
#
#    Output file  =
#        D:\MyProject\EmbeddedProject\STM32_Alpha\Project\PetProjectVH\Exe\PetProjectVH.out
#    Map file     =
#        D:\MyProject\EmbeddedProject\STM32_Alpha\Project\PetProjectVH\List\PetProjectVH.map
#    Command line =
#        -f C:\Users\MINHHI~1\AppData\Local\Temp\EWFDBE.tmp
#        (D:\MyProject\EmbeddedProject\STM32_Alpha\Project\PetProjectVH\Obj\main.o
#        D:\MyProject\EmbeddedProject\STM32_Alpha\Project\PetProjectVH\Obj\startup_stm32f051.o
#        D:\MyProject\EmbeddedProject\STM32_Alpha\Project\PetProjectVH\Obj\stm32f0xx_adc.o
#        D:\MyProject\EmbeddedProject\STM32_Alpha\Project\PetProjectVH\Obj\stm32f0xx_can.o
#        D:\MyProject\EmbeddedProject\STM32_Alpha\Project\PetProjectVH\Obj\stm32f0xx_cec.o
#        D:\MyProject\EmbeddedProject\STM32_Alpha\Project\PetProjectVH\Obj\stm32f0xx_comp.o
#        D:\MyProject\EmbeddedProject\STM32_Alpha\Project\PetProjectVH\Obj\stm32f0xx_crc.o
#        D:\MyProject\EmbeddedProject\STM32_Alpha\Project\PetProjectVH\Obj\stm32f0xx_crs.o
#        D:\MyProject\EmbeddedProject\STM32_Alpha\Project\PetProjectVH\Obj\stm32f0xx_dac.o
#        D:\MyProject\EmbeddedProject\STM32_Alpha\Project\PetProjectVH\Obj\stm32f0xx_dbgmcu.o
#        D:\MyProject\EmbeddedProject\STM32_Alpha\Project\PetProjectVH\Obj\stm32f0xx_dma.o
#        D:\MyProject\EmbeddedProject\STM32_Alpha\Project\PetProjectVH\Obj\stm32f0xx_exti.o
#        D:\MyProject\EmbeddedProject\STM32_Alpha\Project\PetProjectVH\Obj\stm32f0xx_flash.o
#        D:\MyProject\EmbeddedProject\STM32_Alpha\Project\PetProjectVH\Obj\stm32f0xx_gpio.o
#        D:\MyProject\EmbeddedProject\STM32_Alpha\Project\PetProjectVH\Obj\stm32f0xx_i2c.o
#        D:\MyProject\EmbeddedProject\STM32_Alpha\Project\PetProjectVH\Obj\stm32f0xx_iwdg.o
#        D:\MyProject\EmbeddedProject\STM32_Alpha\Project\PetProjectVH\Obj\stm32f0xx_misc.o
#        D:\MyProject\EmbeddedProject\STM32_Alpha\Project\PetProjectVH\Obj\stm32f0xx_pwr.o
#        D:\MyProject\EmbeddedProject\STM32_Alpha\Project\PetProjectVH\Obj\stm32f0xx_rcc.o
#        D:\MyProject\EmbeddedProject\STM32_Alpha\Project\PetProjectVH\Obj\stm32f0xx_rtc.o
#        D:\MyProject\EmbeddedProject\STM32_Alpha\Project\PetProjectVH\Obj\stm32f0xx_spi.o
#        D:\MyProject\EmbeddedProject\STM32_Alpha\Project\PetProjectVH\Obj\stm32f0xx_syscfg.o
#        D:\MyProject\EmbeddedProject\STM32_Alpha\Project\PetProjectVH\Obj\stm32f0xx_tim.o
#        D:\MyProject\EmbeddedProject\STM32_Alpha\Project\PetProjectVH\Obj\stm32f0xx_usart.o
#        D:\MyProject\EmbeddedProject\STM32_Alpha\Project\PetProjectVH\Obj\stm32f0xx_wwdg.o
#        D:\MyProject\EmbeddedProject\STM32_Alpha\Project\PetProjectVH\Obj\system_stm32f0xx.o
#        --redirect _Printf=_PrintfSmall --redirect _Scanf=_ScanfSmall
#        --no_out_extension -o
#        D:\MyProject\EmbeddedProject\STM32_Alpha\Project\PetProjectVH\Exe\PetProjectVH.out
#        --map
#        D:\MyProject\EmbeddedProject\STM32_Alpha\Project\PetProjectVH\List\PetProjectVH.map
#        --config
#        D:\MyProject\EmbeddedProject\STM32_Alpha\Project\stm32f051_flash.icf
#        --semihosting --entry __iar_program_start --vfe --text_out locale)
#
###############################################################################

*******************************************************************************
*** RUNTIME MODEL ATTRIBUTES
***

CppFlavor       = *
__SystemLibrary = DLib
__dlib_version  = 6


*******************************************************************************
*** HEAP SELECTION
***

The basic heap was selected because some modules are built with
size limitations (and not runtime checking), and --advanced_heap
was not specified.


*******************************************************************************
*** PLACEMENT SUMMARY
***

"A0":  place at address 0x800'0000 { ro section .intvec };
"P1":  place in [from 0x800'0000 to 0x800'ffff] { ro };
define block CSTACK with size = 1K, alignment = 8 { };
define block HEAP with size = 512, alignment = 8 { };
"P2":  place in [from 0x2000'0000 to 0x2000'1fff] {
          rw, block CSTACK, block HEAP };

No sections matched the following patterns:

  rw  in "P2"


  Section   Kind         Address   Size  Object
  -------   ----         -------   ----  ------
"A0":                              0xc0
  .intvec   ro code   0x800'0000   0xc0  startup_stm32f051.o [1]
                    - 0x800'00c0   0xc0

"P1":                             0x1ec
  .text     ro code   0x800'00c0  0x128  system_stm32f0xx.o [1]
  .text     ro code   0x800'01e8   0x28  startup_stm32f051.o [1]
  .text     ro code   0x800'0210   0x1e  cmain.o [3]
  .text     ro code   0x800'022e    0x4  low_level_init.o [2]
  .text     ro code   0x800'0232    0x4  main.o [1]
  .text     ro code   0x800'0236    0x8  exit.o [2]
  .text     ro code   0x800'023e    0x2  startup_stm32f051.o [1]
  .text     ro code   0x800'0240    0xa  cexit.o [3]
  .text     ro code   0x800'024a    0x2  startup_stm32f051.o [1]
  .text     ro code   0x800'024c   0x14  exit.o [4]
  .text     ro code   0x800'0260    0xc  cstartup_M.o [3]
  .text     ro code   0x800'026c    0x2  startup_stm32f051.o [1]
  .text     ro code   0x800'026e    0x2  startup_stm32f051.o [1]
  .text     ro code   0x800'0270    0x2  startup_stm32f051.o [1]
  .text     ro code   0x800'0272    0x2  startup_stm32f051.o [1]
  .text     ro code   0x800'0274    0x2  startup_stm32f051.o [1]
  .text     ro code   0x800'0276    0x2  startup_stm32f051.o [1]
  .text     ro code   0x800'0278    0x2  startup_stm32f051.o [1]
  .text     ro code   0x800'027a    0x2  startup_stm32f051.o [1]
  .text     ro code   0x800'027c    0x2  startup_stm32f051.o [1]
  .text     ro code   0x800'027e    0x2  startup_stm32f051.o [1]
  .text     ro code   0x800'0280    0x2  startup_stm32f051.o [1]
  .text     ro code   0x800'0282    0x2  startup_stm32f051.o [1]
  .text     ro code   0x800'0284    0x2  startup_stm32f051.o [1]
  .text     ro code   0x800'0286    0x2  startup_stm32f051.o [1]
  .text     ro code   0x800'0288    0x2  startup_stm32f051.o [1]
  .text     ro code   0x800'028a    0x2  startup_stm32f051.o [1]
  .text     ro code   0x800'028c    0x2  startup_stm32f051.o [1]
  .text     ro code   0x800'028e    0x2  startup_stm32f051.o [1]
  .text     ro code   0x800'0290    0x2  startup_stm32f051.o [1]
  .text     ro code   0x800'0292    0x2  startup_stm32f051.o [1]
  .text     ro code   0x800'0294    0x2  startup_stm32f051.o [1]
  .text     ro code   0x800'0296    0x2  startup_stm32f051.o [1]
  .text     ro code   0x800'0298    0x2  startup_stm32f051.o [1]
  .text     ro code   0x800'029a    0x2  startup_stm32f051.o [1]
  .text     ro code   0x800'029c    0x2  startup_stm32f051.o [1]
  .text     ro code   0x800'029e    0x2  startup_stm32f051.o [1]
  .text     ro code   0x800'02a0    0x2  startup_stm32f051.o [1]
  .text     ro code   0x800'02a2    0x2  startup_stm32f051.o [1]
  .text     ro code   0x800'02a4    0x2  startup_stm32f051.o [1]
  .text     ro code   0x800'02a6    0x2  startup_stm32f051.o [1]
  .text     ro code   0x800'02a8    0x2  startup_stm32f051.o [1]
  .text     ro code   0x800'02aa    0x2  startup_stm32f051.o [1]
                    - 0x800'02ac  0x1ec

"P2":                             0x400
  CSTACK             0x2000'0000  0x400  <Block>
    CSTACK  uninit   0x2000'0000  0x400  <Block tail>
                   - 0x2000'0400  0x400

Unused ranges:

         From           To    Size
         ----           --    ----
   0x800'02ac   0x800'ffff  0xfd54
  0x2000'0400  0x2000'1fff  0x1c00



*******************************************************************************
*** MODULE SUMMARY
***

    Module               ro code  rw data
    ------               -------  -------
command line/config:
    -------------------------------------
    Total:

D:\MyProject\EmbeddedProject\STM32_Alpha\Project\PetProjectVH\Obj: [1]
    main.o                     4
    startup_stm32f051.o      300
    system_stm32f0xx.o       296
    -------------------------------------
    Total:                   600

dl6M_tln.a: [2]
    exit.o                     8
    low_level_init.o           4
    -------------------------------------
    Total:                    12

rt6M_tl.a: [3]
    cexit.o                   10
    cmain.o                   30
    cstartup_M.o              12
    -------------------------------------
    Total:                    52

shb_l.a: [4]
    exit.o                    20
    -------------------------------------
    Total:                    20

    Linker created                  1'024
-----------------------------------------
    Grand Total:             684    1'024


*******************************************************************************
*** ENTRY LIST
***

Entry                       Address  Size  Type      Object
-----                       -------  ----  ----      ------
?main                    0x800'0211        Code  Gb  cmain.o [3]
CSTACK$$Base            0x2000'0000         --   Gb  - Linker created -
CSTACK$$Limit           0x2000'0400         --   Gb  - Linker created -
Region$$Table$$Base             0x0         --   Gb  - Linker created -
Region$$Table$$Limit            0x0         --   Gb  - Linker created -
SetSysClock              0x800'0119  0x98  Code  Lc  system_stm32f0xx.o [1]
SystemInit               0x800'00c1  0x58  Code  Gb  system_stm32f0xx.o [1]
__ICFEDIT_region_RAM_end__ {Abs}
                        0x2000'1fff        Data  Gb  <internal module>
__ICFEDIT_region_RAM_start__ {Abs}
                        0x2000'0000        Data  Gb  <internal module>
__cmain                  0x800'0211        Code  Gb  cmain.o [3]
__exit                   0x800'024d  0x14  Code  Gb  exit.o [4]
__iar_program_start      0x800'0261        Code  Gb  cstartup_M.o [3]
__low_level_init         0x800'022f   0x4  Code  Gb  low_level_init.o [2]
__vector_table           0x800'0000        Data  Gb  startup_stm32f051.o [1]
_call_main               0x800'021d        Code  Gb  cmain.o [3]
_exit                    0x800'0241        Code  Gb  cexit.o [3]
_main                    0x800'022b        Code  Gb  cmain.o [3]
exit                     0x800'0237   0x8  Code  Gb  exit.o [2]
main                     0x800'0233   0x4  Code  Gb  main.o [1]


[1] = D:\MyProject\EmbeddedProject\STM32_Alpha\Project\PetProjectVH\Obj
[2] = dl6M_tln.a
[3] = rt6M_tl.a
[4] = shb_l.a

    684 bytes of readonly  code memory
  1'024 bytes of readwrite data memory

Errors: none
Warnings: none
